// Jest Snapshot v1, https://goo.gl/fbAQLP

exports[`LanguageSwitcher renders to a snapshot 1`] = `
<div class="language-switcher">
  <div class="language-switcher__current"><span>Česky</span></div>
  <div class="dropdown"><button type="button" id="dropdown-null" class="dropdown__toggle"><span id="dropdown-null__text">Česky</span></button>
    <ul role="menu" tabindex="-1" class="dropdown__menu">
      <li><button type="button" class="dropdown__item">
          Slovensky
        </button></li>
    </ul>
  </div>
</div>
`;
